============================= test session starts =============================
platform win32 -- Python 3.13.1, pytest-9.0.3, pluggy-1.6.0
rootdir: C:\projects 2026\sentinel-soc
configfile: pyproject.toml
testpaths: tests
plugins: anyio-4.10.0, Faker-40.21.0, langsmith-0.4.25, asyncio-1.3.0, cov-7.1.0, respx-0.23.1
asyncio: mode=Mode.AUTO, debug=False, asyncio_default_fixture_loop_scope=None, asyncio_default_test_loop_scope=function
collected 497 items

tests\integration\test_auth_http.py ............                         [  2%]
tests\integration\test_health.py .......                                 [  3%]
tests\integration\test_mcp_protocol.py .............                     [  6%]
tests\integration\test_phase4_tools.py .....................             [ 10%]
tests\integration\test_simulator.py ....                                 [ 11%]
tests\unit\test_adapters\test_abuse_ch.py .......................        [ 16%]
tests\unit\test_adapters\test_abuseipdb.py ........                      [ 17%]
tests\unit\test_adapters\test_alienvault.py ....................         [ 21%]
tests\unit\test_adapters\test_anthropic.py ........                      [ 23%]
tests\unit\test_adapters\test_base.py ...............                    [ 26%]
tests\unit\test_adapters\test_circl.py .............                     [ 28%]
tests\unit\test_adapters\test_dnsbl.py .........                         [ 30%]
tests\unit\test_adapters\test_internetdb.py ..........                   [ 32%]
tests\unit\test_adapters\test_ipapi.py ........                          [ 34%]
tests\unit\test_adapters\test_keycloak.py ............................   [ 40%]
tests\unit\test_adapters\test_mitre.py ..........                        [ 42%]
tests\unit\test_adapters\test_opencti.py .......                         [ 43%]
tests\unit\test_adapters\test_opensearch.py .....................        [ 47%]
tests\unit\test_adapters\test_urlscan.py .....................           [ 51%]
tests\unit\test_adapters\test_virustotal.py ....................         [ 55%]
tests\unit\test_adapters\test_wazuh.py .............................     [ 61%]
tests\unit\test_audit\test_log.py .......                                [ 63%]
tests\unit\test_auth\test_authz.py ........                              [ 64%]
tests\unit\test_auth\test_jwt.py ...........                             [ 67%]
tests\unit\test_auth\test_oauth.py ...                                   [ 67%]
tests\unit\test_auth\test_pkce.py ....                                   [ 68%]
tests\unit\test_config.py ......                                         [ 69%]
tests\unit\test_mcp\test_middleware.py ................                  [ 72%]
tests\unit\test_mcp\test_schemas.py ...............                      [ 75%]
tests\unit\test_policy\test_engine.py ........                           [ 77%]
tests\unit\test_secrets.py ....                                          [ 78%]
tests\unit\test_simulator\test_bots.py ....                              [ 79%]
tests\unit\test_simulator\test_events.py ......                          [ 80%]
tests\unit\test_simulator\test_iocs.py ..                                [ 80%]
tests\unit\test_simulator\test_profiles.py ...                           [ 81%]
tests\unit\test_simulator\test_scenarios.py ............                 [ 83%]
tests\unit\test_simulator\test_sink.py ..                                [ 84%]
tests\unit\test_tools\test_actions.py ......................             [ 88%]
tests\unit\test_tools\test_alerts.py .................                   [ 91%]
tests\unit\test_tools\test_endpoint.py .......                           [ 93%]
tests\unit\test_tools\test_identity.py ...........                       [ 95%]
tests\unit\test_tools\test_intel.py ................                     [ 98%]
tests\unit\test_tools\test_reports.py ......                             [100%]

=============================== tests coverage ================================
_______________ coverage: platform win32, python 3.13.1-final-0 _______________

Name                                     Stmts   Miss  Cover   Missing
----------------------------------------------------------------------
sentinel\adapters\abuse_ch.py              168      0   100%
sentinel\adapters\abuseipdb.py              33      0   100%
sentinel\adapters\alienvault.py             59      0   100%
sentinel\adapters\anthropic_adapter.py      47      0   100%
sentinel\adapters\base.py                   89      0   100%
sentinel\adapters\circl.py                  41      0   100%
sentinel\adapters\dnsbl.py                  51      0   100%
sentinel\adapters\internetdb.py             61      0   100%
sentinel\adapters\ipapi.py                  31      0   100%
sentinel\adapters\keycloak.py              118      0   100%
sentinel\adapters\mitre.py                  84      0   100%
sentinel\adapters\opencti.py                36      0   100%
sentinel\adapters\opensearch.py            120      0   100%
sentinel\adapters\urlscan.py                69      0   100%
sentinel\adapters\virustotal.py             79      0   100%
sentinel\adapters\wazuh.py                 102      0   100%
sentinel\audit\log.py                       55     25    55%   50-80, 98-139, 145-149
sentinel\auth\authz.py                      17      0   100%
sentinel\auth\context.py                    18      0   100%
sentinel\auth\dependencies.py               19      1    95%   21
sentinel\auth\jwt.py                        72      2    97%   50, 71
sentinel\auth\oauth.py                      30      1    97%   62
sentinel\auth\pkce.py                       12      0   100%
sentinel\config.py                         105      4    96%   112, 116, 120, 124
sentinel\db\models.py                       53      3    94%   48, 52-53
sentinel\db\session.py                      26      9    65%   43-44, 49-52, 57-60
sentinel\main.py                           105     24    77%   56-69, 94-97, 111-115, 238, 263-264, 278, 285-288, 298
sentinel\mcp\middleware.py                  91     21    77%   201-202, 212-234
sentinel\mcp\prompts.py                     12      0   100%
sentinel\mcp\resources.py                   21      4    81%   45-53
sentinel\mcp\schemas.py                     57      0   100%
sentinel\mcp\server.py                       2      0   100%
sentinel\policy\engine.py                   39      7    82%   50-51, 81, 89-92
sentinel\secrets.py                         16      0   100%
sentinel\tools\actions.py                   84      2    98%   196, 271
sentinel\tools\alerts.py                   107      0   100%
sentinel\tools\confirmation.py              86      9    90%   81, 137, 139, 181-183, 199-200, 226
sentinel\tools\endpoint.py                  25      0   100%
sentinel\tools\identity.py                  35      2    94%   61, 97
sentinel\tools\intel.py                     42      0   100%
sentinel\tools\mock_data.py                 61      2    97%   240, 301
sentinel\tools\reports.py                   81      6    93%   35, 47, 134-137, 161
simulator\bots.py                           69      0   100%
simulator\events.py                         22      0   100%
simulator\iocs.py                           19      0   100%
simulator\main.py                           39      1    97%   104
simulator\profiles.py                       13      0   100%
simulator\scenarios.py                      38      0   100%
simulator\sink.py                           27      0   100%
----------------------------------------------------------------------
TOTAL                                     2686    123    95%
Coverage HTML written to dir htmlcov
Required test coverage of 80% reached. Total coverage: 95.42%
======================= 497 passed in 247.21s (0:04:07) =======================
